Module
 File(inline_asm.meme)
  Fn(main)
   FnSig
    Typename(main)
    Type(Ref(i8))
     Ref(i8)
   StmtBlk
    Asm(
    lhu r3,5
  )
    Asm(
    lhu r3,5
    lhu r3,5
  )
    Asm(
    lhu r3,5
    lhu r3,5
    lhu r3,5
  )
    Asm()
    StrLit(a string)
    CharLit(9)
    Ret
     IntLit(0)
