File
 Fn
  FnSig
   Typename(main)
   Type(i8)
  StmtBlk
   VarDefn
    VarDecl
     VarRef(e)
     Type()
    Op(FN_CALL)
     Type(Empty)
     FnCallArgs
      CompoundLit
 Struct
  Typename(Empty)
