File
 Fn
  FnSig
   Typename(main)
   Type(i8)
  StmtBlk
   Var
    VarDecl
     VarRef(e)
     Type(Empty)
    CompoundLit
 Struct
  Typename(Empty)
