File
 Fn
  FnSig
   Typename(main)
   Type(i8)
  StmtBlk
   VarDefn
    VarDecl
     VarRef(array)
     Type(i8)
      Qualifier(const: 0 ptr: 0, array: IntLit(5))
       IntLit(5)
    CompoundLit
